# samples/sample.rs
mod greetings [3-9]
  const DEFAULT_NAME [4-4]
  fn shout [6-8]
struct Counter [11-14]
  field n [12-12]
  field seed [13-13]
impl Counter [16-24]
  fn new [17-19]
  fn inc [21-23]
trait Greeter [26-28]
enum Color [30-34]
  variant Red [31-31]
  variant Green [32-32]
  variant Blue [33-33]
    field hex [33-33]
type Score [36-36]
static GLOBAL [38-38]
